5
3.14
nil
nil
true
true
newa
false
nil
nil
100
3.15
3.15
100
nil
100
3.15
3.15
