0
1
2
3
4
10
20
30
0
0.5
1
1.5
2
2.5
3
1
2
3
4
5
6
7
8
