20
9.5
-50
1
1.666667
195
false
true
true
false
true
true
false
false
false
true
true
true
false
